src/components/Contact.tsx(4,23): error TS2305: Module '"lucide-react"' has no exported member 'Linkedin'.
src/components/ParticleBackground.tsx(31,10): error TS2741: Property 'args' is missing in type '{ attach: string; count: number; array: Float32Array<ArrayBuffer>; itemSize: number; }' but required in type 'Mutable<Overwrite<Partial<Overwrite<BufferAttribute, MathProps<BufferAttribute> & ReactProps<BufferAttribute>>>, Omit<...>>>'.
src/components/Projects.tsx(4,24): error TS2305: Module '"lucide-react"' has no exported member 'Github'.
